// Jest Snapshot v1, https://goo.gl/fbAQLP

exports[`Render Panel with basic options should render 1`] = `
<DocumentFragment>
  <div
    style="height: 100px; padding: 10px;"
  >
    <button
      class="btn btn-secondary"
    >
      Stop
    </button>
    height: 100
  </div>
</DocumentFragment>
`;
